17.10.2024 - 19:50:20 - [TAB v4.1.6] An error was thrown when executing task
17.10.2024 - 19:50:20 - java.lang.IllegalStateException: This instance got discarded because plugin was reloaded. Obtain a new instance.
17.10.2024 - 19:50:20 - 	at TAB v4.1.6.jar//me.neznamy.tab.shared.features.types.TabFeature.ensureActive(TabFeature.java:26)
17.10.2024 - 19:50:20 - 	at TAB v4.1.6.jar//me.neznamy.tab.shared.features.PlaceholderManagerImpl.getPlaceholder(PlaceholderManagerImpl.java:385)
17.10.2024 - 19:50:20 - 	at TAB v4.1.6.jar//me.neznamy.tab.shared.features.PlaceholderManagerImpl.getPlaceholderUsage(PlaceholderManagerImpl.java:314)
17.10.2024 - 19:50:20 - 	at TAB v4.1.6.jar//me.neznamy.tab.shared.features.PlaceholderManagerImpl.updateServerPlaceholders(PlaceholderManagerImpl.java:174)
17.10.2024 - 19:50:20 - 	at TAB v4.1.6.jar//me.neznamy.tab.shared.features.PlaceholderManagerImpl.processRefreshResults(PlaceholderManagerImpl.java:95)
17.10.2024 - 19:50:20 - 	at TAB v4.1.6.jar//me.neznamy.tab.shared.features.PlaceholderManagerImpl.lambda$refresh$0(PlaceholderManagerImpl.java:88)
17.10.2024 - 19:50:20 - 	at TAB v4.1.6.jar//me.neznamy.tab.shared.cpu.CpuManager.run(CpuManager.java:171)
17.10.2024 - 19:50:20 - 	at TAB v4.1.6.jar//me.neznamy.tab.shared.cpu.CpuManager.lambda$submit$1(CpuManager.java:96)
17.10.2024 - 19:50:20 - 	at java.base/java.util.concurrent.Executors$RunnableAdapter.call(Executors.java:572)
17.10.2024 - 19:50:20 - 	at java.base/java.util.concurrent.FutureTask.run(FutureTask.java:317)
17.10.2024 - 19:50:20 - 	at java.base/java.util.concurrent.ScheduledThreadPoolExecutor$ScheduledFutureTask.run(ScheduledThreadPoolExecutor.java:304)
17.10.2024 - 19:50:20 - 	at java.base/java.util.concurrent.ThreadPoolExecutor.runWorker(ThreadPoolExecutor.java:1144)
17.10.2024 - 19:50:20 - 	at java.base/java.util.concurrent.ThreadPoolExecutor$Worker.run(ThreadPoolExecutor.java:642)
17.10.2024 - 19:50:20 - 	at java.base/java.lang.Thread.run(Thread.java:1583)
20.10.2024 - 11:19:20 - [TAB v4.1.6] An error was thrown when executing task
20.10.2024 - 11:19:20 - java.lang.IllegalStateException: This instance got discarded because plugin was reloaded. Obtain a new instance.
20.10.2024 - 11:19:20 - 	at TAB v4.1.6.jar//me.neznamy.tab.shared.features.types.TabFeature.ensureActive(TabFeature.java:26)
20.10.2024 - 11:19:20 - 	at TAB v4.1.6.jar//me.neznamy.tab.shared.features.PlaceholderManagerImpl.getPlaceholder(PlaceholderManagerImpl.java:385)
20.10.2024 - 11:19:20 - 	at TAB v4.1.6.jar//me.neznamy.tab.shared.features.PlaceholderManagerImpl.getPlaceholderUsage(PlaceholderManagerImpl.java:314)
20.10.2024 - 11:19:20 - 	at TAB v4.1.6.jar//me.neznamy.tab.shared.features.PlaceholderManagerImpl.updateServerPlaceholders(PlaceholderManagerImpl.java:174)
20.10.2024 - 11:19:20 - 	at TAB v4.1.6.jar//me.neznamy.tab.shared.features.PlaceholderManagerImpl.processRefreshResults(PlaceholderManagerImpl.java:95)
20.10.2024 - 11:19:20 - 	at TAB v4.1.6.jar//me.neznamy.tab.shared.features.PlaceholderManagerImpl.lambda$refresh$0(PlaceholderManagerImpl.java:88)
20.10.2024 - 11:19:20 - 	at TAB v4.1.6.jar//me.neznamy.tab.shared.cpu.CpuManager.run(CpuManager.java:171)
20.10.2024 - 11:19:20 - 	at TAB v4.1.6.jar//me.neznamy.tab.shared.cpu.CpuManager.lambda$submit$1(CpuManager.java:96)
20.10.2024 - 11:19:20 - 	at java.base/java.util.concurrent.Executors$RunnableAdapter.call(Executors.java:572)
20.10.2024 - 11:19:20 - 	at java.base/java.util.concurrent.FutureTask.run(FutureTask.java:317)
20.10.2024 - 11:19:20 - 	at java.base/java.util.concurrent.ScheduledThreadPoolExecutor$ScheduledFutureTask.run(ScheduledThreadPoolExecutor.java:304)
20.10.2024 - 11:19:20 - 	at java.base/java.util.concurrent.ThreadPoolExecutor.runWorker(ThreadPoolExecutor.java:1144)
20.10.2024 - 11:19:20 - 	at java.base/java.util.concurrent.ThreadPoolExecutor$Worker.run(ThreadPoolExecutor.java:642)
20.10.2024 - 11:19:20 - 	at java.base/java.lang.Thread.run(Thread.java:1583)
09.02.2025 - 22:00:57 - [TAB v4.1.6] An error was thrown when executing task
09.02.2025 - 22:00:57 - java.lang.IllegalStateException: This instance got discarded because plugin was reloaded. Obtain a new instance.
09.02.2025 - 22:00:57 - 	at TAB v4.1.6.jar//me.neznamy.tab.shared.features.types.TabFeature.ensureActive(TabFeature.java:26)
09.02.2025 - 22:00:57 - 	at TAB v4.1.6.jar//me.neznamy.tab.shared.features.PlaceholderManagerImpl.getPlaceholder(PlaceholderManagerImpl.java:385)
09.02.2025 - 22:00:57 - 	at TAB v4.1.6.jar//me.neznamy.tab.shared.Property.update(Property.java:237)
09.02.2025 - 22:00:57 - 	at TAB v4.1.6.jar//me.neznamy.tab.shared.Property.updateAndGet(Property.java:220)
09.02.2025 - 22:00:57 - 	at TAB v4.1.6.jar//me.neznamy.tab.shared.features.HeaderFooter.refresh(HeaderFooter.java:87)
09.02.2025 - 22:00:57 - 	at TAB v4.1.6.jar//me.neznamy.tab.shared.features.PlaceholderManagerImpl.refreshFeatures(PlaceholderManagerImpl.java:108)
09.02.2025 - 22:00:57 - 	at TAB v4.1.6.jar//me.neznamy.tab.shared.features.PlaceholderManagerImpl.processRefreshResults(PlaceholderManagerImpl.java:101)
09.02.2025 - 22:00:57 - 	at TAB v4.1.6.jar//me.neznamy.tab.shared.features.PlaceholderManagerImpl.lambda$refresh$0(PlaceholderManagerImpl.java:88)
09.02.2025 - 22:00:57 - 	at TAB v4.1.6.jar//me.neznamy.tab.shared.cpu.CpuManager.run(CpuManager.java:171)
09.02.2025 - 22:00:57 - 	at TAB v4.1.6.jar//me.neznamy.tab.shared.cpu.CpuManager.lambda$submit$1(CpuManager.java:96)
09.02.2025 - 22:00:57 - 	at java.base/java.util.concurrent.Executors$RunnableAdapter.call(Executors.java:572)
09.02.2025 - 22:00:57 - 	at java.base/java.util.concurrent.FutureTask.run(FutureTask.java:317)
09.02.2025 - 22:00:57 - 	at java.base/java.util.concurrent.ScheduledThreadPoolExecutor$ScheduledFutureTask.run(ScheduledThreadPoolExecutor.java:304)
09.02.2025 - 22:00:57 - 	at java.base/java.util.concurrent.ThreadPoolExecutor.runWorker(ThreadPoolExecutor.java:1144)
09.02.2025 - 22:00:57 - 	at java.base/java.util.concurrent.ThreadPoolExecutor$Worker.run(ThreadPoolExecutor.java:642)
09.02.2025 - 22:00:57 - 	at java.base/java.lang.Thread.run(Thread.java:1570)
